使用空目录来学习git，公司的项目必须保密，不能上传到git

mkdir learngit 创建文件夹
cd learngit 定位到文件夹
pwd 显示当前目录
git init 变成git仓库repository
ls 查询目录
ls -ah 查询隐藏目录
git add file 添加文件到仓库（暂存区）
git commit -m "commit message" 提交文件到仓库（暂存区）
git status 查询工作区仓库当前状态
git diff file 查询文件修改内容，仓库工作区和暂存区的区别
git log 查询日志
git log --pretty=oneline 查询简单日志（commit id 是SHA1计算得出的数字，十六进制）

git reset --hard HEAD^ 回退到上个版本，HEAD表示当前版本，上一个版本是HEAD^，上上一个版本是HEAD^^，上100个版本HEAD~100
cat file 查询文件
git reset --hard 1094a 回退到特定版本，commit id前4位即可

┌────┐
│HEAD│
└────┘
   │
   └──> ○ append GPL
        │
        ○ add distributed
        │
        ○ wrote a readme file
		
回退版本只是改版HEAD指向，所以非常快

git reflog 查询历史git命令



本地目录：工作区（Working Directory）
版本库（Repository）包括：stage（或者叫index）的暂存区、分支（git自动创建master分支）

提交修改：工作区 add > 暂存区 commit> 当前分支
git add 把文件修改添加到暂存区
git commit 把暂存区的所有内容提交到当前分支


第二次修改不会提交：
第一次修改 -> git add -> 第二次修改 -> git commit
修改为，可提交：
第一次修改 -> git add -> 第二次修改 -> git add -> git commit

git checkout -- file 撤销工作区修改
一种是file自修改后还没有被放到暂存区，现在，撤销修改就回到和版本库一模一样的状态；
一种是file已经添加到暂存区后，又作了修改，现在，撤销修改就回到添加到暂存区后的状态。

git reset HEAD file  把暂存区的修改撤销，重新放回工作区


rm file 删除文件
git rm file 删除文件，再commit修改


远程仓库：注册GitHub账号
第1步：创建SSH Key。在用户主目录下，看看有没有.ssh目录，如果有，再看看这个目录下有没有id_rsa和id_rsa.pub这两个文件，如果已经有了，可直接跳到下一步。如果没有，打开Shell（Windows下打开Git Bash），创建SSH Key：
ssh-keygen -t rsa -C "邮箱"
SSH Key的秘钥对，id_rsa是私钥，不能泄露出去，id_rsa.pub是公钥
第2步：登陆GitHub，打开“Account settings”，“SSH Keys”页面，点“Add SSH Key”，填上任意Title，在Key文本框里粘贴id_rsa.pub文件的内容


GitHub创建一个Git仓库Create a new repo
关联本地远程仓库：git remote add origin ...
第一次推送到远程仓库：git push -u origin master    -u参数，推送内容和关联
以后修改后推送到远程仓库：git push origin master


从零开发，最好的方式是先创建远程库，从远程库克隆
git clone 仓库地址
Git支持多种协议，包括https，但通过ssh支持的原生git协议速度最快。使用https除了速度慢以外，每次推送都必须输入口令，但是在某些只开放http端口的公司内部就无法使用ssh协议而只能用https。

查看分支：git branch
创建分支：git branch <name>
切换分支：git checkout <name>
创建+切换分支：git checkout -b <name>
合并某分支到当前分支：git merge <name>
删除分支：git branch -d <name>
git log --graph --pretty=oneline --abbrev-commit分支的合并情况


 
  

 
分支管理策略
阅读: 2618064
通常，合并分支时，如果可能，Git会用Fast forward模式，但这种模式下，删除分支后，会丢掉分支信息。

如果要强制禁用Fast forward模式，Git就会在merge时生成一个新的commit，这样，从分支历史上就可以看出分支信息。

下面我们实战一下--no-ff方式的git merge：

首先，仍然创建并切换dev分支：

$ git checkout -b dev
Switched to a new branch 'dev'
修改readme.txt文件，并提交一个新的commit：

$ git add readme.txt 
$ git commit -m "add merge"
[dev f52c633] add merge
 1 file changed, 1 insertion(+)
现在，我们切换回master：

$ git checkout master
Switched to branch 'master'
准备合并dev分支，请注意--no-ff参数，表示禁用Fast forward：

$ git merge --no-ff -m "merge with no-ff" dev
Merge made by the 'recursive' strategy.
 readme.txt | 1 +
 1 file changed, 1 insertion(+)
因为本次合并要创建一个新的commit，所以加上-m参数，把commit描述写进去。

合并后，我们用git log看看分支历史：

$ git log --graph --pretty=oneline --abbrev-commit
*   e1e9c68 (HEAD -> master) merge with no-ff
|\  
| * f52c633 (dev) add merge
|/  
*   cf810e4 conflict fixed
...
可以看到，不使用Fast forward模式，merge后就像这样：

git-no-ff-mode



分支策略
在实际开发中，我们应该按照几个基本原则进行分支管理：
首先，master分支应该是非常稳定的，也就是仅用来发布新版本，平时不能在上面干活；
那在哪干活呢？干活都在dev分支上，也就是说，dev分支是不稳定的，到某个时候，比如1.0版本发布时，再把dev分支合并到master上，在master分支发布1.0版本；
你和你的小伙伴们每个人都在dev分支上干活，每个人都有自己的分支，时不时地往dev分支上合并就可以了。

git merge --no-ff -m "merge with no-ff" dev ，--no-ff参数就可以用普通模式合并，合并后的历史有分支
